it\unibg\progetto\api\infrastructure\csv\CsvFileManager.class
it\unibg\progetto\api\cli\components\Exit.class
it\unibg\progetto\api\mapping\CsvMapper.class
it\unibg\progetto\api\cli\AppBlocksManageUsers$1.class
it\unibg\progetto\api\domain\rules\AccessLevel.class
it\unibg\progetto\api\cli\components\ClearTerminal.class
it\unibg\progetto\api\security\session\Session.class
it\unibg\progetto\api\cli\components\Input.class
it\unibg\progetto\api\application\usecase\CsvUseCase.class
it\unibg\progetto\api\application\dto\CsvDto.class
it\unibg\progetto\api\cli\AppBlocksManageCsv.class
it\unibg\progetto\api\cli\components\Constant.class
it\unibg\progetto\api\cli\research\CsvResearchChoice.class
it\unibg\progetto\api\domain\rules\StringValues.class
it\unibg\progetto\api\cli\research\CsvResearchCli.class
it\unibg\progetto\gui\controller\TerminalController.class
it\unibg\progetto\api\domain\rules\InvalidValues.class
it\unibg\progetto\api\app\GuiMain.class
it\unibg\progetto\api\cli\components\CheckLenght.class
it\unibg\progetto\api\cli\components\GlobalScanner.class
it\unibg\progetto\api\domain\rules\CsvStandard.class
it\unibg\progetto\api\app\LauncherMain.class
it\unibg\progetto\api\cli\research\CsvStatisticsResearch.class
it\unibg\progetto\api\application\dto\UserDto.class
it\unibg\progetto\api\mapping\UserMapper.class
it\unibg\progetto\api\cli\research\CsvResearchManager.class
it\unibg\progetto\api\cli\research\CsvStatisticsResearch$1.class
it\unibg\progetto\api\app\ManualHelper.class
it\unibg\progetto\api\application\dto\RootDto.class
it\unibg\progetto\api\domain\rules\Validators.class
it\unibg\progetto\gui\bridge\ConsoleBridge$TextAreaOutputStream.class
it\unibg\progetto\api\application\usecase\UsersUseCase.class
it\unibg\progetto\api\security\session\SessionManager.class
it\unibg\progetto\api\domain\User.class
it\unibg\progetto\api\app\ApiMain.class
it\unibg\progetto\api\domain\Root.class
it\unibg\progetto\api\cli\components\Quit.class
it\unibg\progetto\api\domain\Operator.class
it\unibg\progetto\gui\view\TerminalFrame.class
it\unibg\progetto\api\security\Hash.class
it\unibg\progetto\gui\bridge\ConsoleBridge.class
it\unibg\progetto\api\mapping\RootMapper.class
it\unibg\progetto\api\cli\Master.class
it\unibg\progetto\api\cli\AppBlocksManageUsers.class
