D:\github\progetto-uni\Progetto-ingegneria-del-software_1092954_1092457\api\src\main\java\it\unibg\progetto\api\app\ApiMain.java
D:\github\progetto-uni\Progetto-ingegneria-del-software_1092954_1092457\api\src\main\java\it\unibg\progetto\api\app\GuiMain.java
D:\github\progetto-uni\Progetto-ingegneria-del-software_1092954_1092457\api\src\main\java\it\unibg\progetto\api\app\LauncherMain.java
D:\github\progetto-uni\Progetto-ingegneria-del-software_1092954_1092457\api\src\main\java\it\unibg\progetto\api\app\ManualHelper.java
D:\github\progetto-uni\Progetto-ingegneria-del-software_1092954_1092457\api\src\main\java\it\unibg\progetto\api\application\dto\CsvDto.java
D:\github\progetto-uni\Progetto-ingegneria-del-software_1092954_1092457\api\src\main\java\it\unibg\progetto\api\application\dto\RootDto.java
D:\github\progetto-uni\Progetto-ingegneria-del-software_1092954_1092457\api\src\main\java\it\unibg\progetto\api\application\dto\UserDto.java
D:\github\progetto-uni\Progetto-ingegneria-del-software_1092954_1092457\api\src\main\java\it\unibg\progetto\api\application\usecase\CsvUseCase.java
D:\github\progetto-uni\Progetto-ingegneria-del-software_1092954_1092457\api\src\main\java\it\unibg\progetto\api\application\usecase\UsersUseCase.java
D:\github\progetto-uni\Progetto-ingegneria-del-software_1092954_1092457\api\src\main\java\it\unibg\progetto\api\cli\AppBlocksManageCsv.java
D:\github\progetto-uni\Progetto-ingegneria-del-software_1092954_1092457\api\src\main\java\it\unibg\progetto\api\cli\AppBlocksManageUsers.java
D:\github\progetto-uni\Progetto-ingegneria-del-software_1092954_1092457\api\src\main\java\it\unibg\progetto\api\cli\components\CheckLenght.java
D:\github\progetto-uni\Progetto-ingegneria-del-software_1092954_1092457\api\src\main\java\it\unibg\progetto\api\cli\components\ClearTerminal.java
D:\github\progetto-uni\Progetto-ingegneria-del-software_1092954_1092457\api\src\main\java\it\unibg\progetto\api\cli\components\Constant.java
D:\github\progetto-uni\Progetto-ingegneria-del-software_1092954_1092457\api\src\main\java\it\unibg\progetto\api\cli\components\Exit.java
D:\github\progetto-uni\Progetto-ingegneria-del-software_1092954_1092457\api\src\main\java\it\unibg\progetto\api\cli\components\GlobalScanner.java
D:\github\progetto-uni\Progetto-ingegneria-del-software_1092954_1092457\api\src\main\java\it\unibg\progetto\api\cli\components\Input.java
D:\github\progetto-uni\Progetto-ingegneria-del-software_1092954_1092457\api\src\main\java\it\unibg\progetto\api\cli\components\Quit.java
D:\github\progetto-uni\Progetto-ingegneria-del-software_1092954_1092457\api\src\main\java\it\unibg\progetto\api\cli\Master.java
D:\github\progetto-uni\Progetto-ingegneria-del-software_1092954_1092457\api\src\main\java\it\unibg\progetto\api\cli\research\CsvResearchChoice.java
D:\github\progetto-uni\Progetto-ingegneria-del-software_1092954_1092457\api\src\main\java\it\unibg\progetto\api\cli\research\CsvResearchCli.java
D:\github\progetto-uni\Progetto-ingegneria-del-software_1092954_1092457\api\src\main\java\it\unibg\progetto\api\cli\research\CsvResearchManager.java
D:\github\progetto-uni\Progetto-ingegneria-del-software_1092954_1092457\api\src\main\java\it\unibg\progetto\api\cli\research\CsvStatisticsResearch.java
D:\github\progetto-uni\Progetto-ingegneria-del-software_1092954_1092457\api\src\main\java\it\unibg\progetto\api\domain\Operator.java
D:\github\progetto-uni\Progetto-ingegneria-del-software_1092954_1092457\api\src\main\java\it\unibg\progetto\api\domain\Root.java
D:\github\progetto-uni\Progetto-ingegneria-del-software_1092954_1092457\api\src\main\java\it\unibg\progetto\api\domain\rules\AccessLevel.java
D:\github\progetto-uni\Progetto-ingegneria-del-software_1092954_1092457\api\src\main\java\it\unibg\progetto\api\domain\rules\CsvStandard.java
D:\github\progetto-uni\Progetto-ingegneria-del-software_1092954_1092457\api\src\main\java\it\unibg\progetto\api\domain\rules\InvalidValues.java
D:\github\progetto-uni\Progetto-ingegneria-del-software_1092954_1092457\api\src\main\java\it\unibg\progetto\api\domain\rules\StringValues.java
D:\github\progetto-uni\Progetto-ingegneria-del-software_1092954_1092457\api\src\main\java\it\unibg\progetto\api\domain\rules\Validators.java
D:\github\progetto-uni\Progetto-ingegneria-del-software_1092954_1092457\api\src\main\java\it\unibg\progetto\api\domain\User.java
D:\github\progetto-uni\Progetto-ingegneria-del-software_1092954_1092457\api\src\main\java\it\unibg\progetto\api\infrastructure\csv\CsvFileManager.java
D:\github\progetto-uni\Progetto-ingegneria-del-software_1092954_1092457\api\src\main\java\it\unibg\progetto\api\mapping\CsvMapper.java
D:\github\progetto-uni\Progetto-ingegneria-del-software_1092954_1092457\api\src\main\java\it\unibg\progetto\api\mapping\RootMapper.java
D:\github\progetto-uni\Progetto-ingegneria-del-software_1092954_1092457\api\src\main\java\it\unibg\progetto\api\mapping\UserMapper.java
D:\github\progetto-uni\Progetto-ingegneria-del-software_1092954_1092457\api\src\main\java\it\unibg\progetto\api\security\Hash.java
D:\github\progetto-uni\Progetto-ingegneria-del-software_1092954_1092457\api\src\main\java\it\unibg\progetto\api\security\session\Session.java
D:\github\progetto-uni\Progetto-ingegneria-del-software_1092954_1092457\api\src\main\java\it\unibg\progetto\api\security\session\SessionManager.java
D:\github\progetto-uni\Progetto-ingegneria-del-software_1092954_1092457\api\src\main\java\it\unibg\progetto\gui\bridge\ConsoleBridge.java
D:\github\progetto-uni\Progetto-ingegneria-del-software_1092954_1092457\api\src\main\java\it\unibg\progetto\gui\controller\TerminalController.java
D:\github\progetto-uni\Progetto-ingegneria-del-software_1092954_1092457\api\src\main\java\it\unibg\progetto\gui\view\TerminalFrame.java
