it\unibg\progetto\api\cli\AppBlocksManageUsersUnitTest.class
it\unibg\progetto\api\security\session\SessionTest.class
it\unibg\progetto\api\application\usecase\UsersUseCaseUnitTest.class
it\unibg\progetto\api\cli\AppBlocksManageCsvIntegrationTest.class
it\unibg\progetto\api\mapping\CsvMapperTest.class
it\unibg\progetto\api\mapping\UserMapperTest.class
it\unibg\progetto\api\security\session\SessionManagerTest.class
it\unibg\progetto\api\application\dto\CsvDtoTest.class
it\unibg\progetto\api\cli\research\CsvResearchManagerTest.class
it\unibg\progetto\api\cli\MasterTest.class
it\unibg\progetto\api\infrastructure\csv\CsvFileManagerTest.class
it\unibg\progetto\api\application\usecase\CsvUseCaseIntegrationTest.class
it\unibg\progetto\api\domain\RootTest.class
it\unibg\progetto\api\cli\research\CsvResearchCliTest.class
it\unibg\progetto\api\security\HashTest.class
it\unibg\progetto\api\application\usecase\CsvUseCaseUnitTest.class
it\unibg\progetto\api\mapping\RootMapperTest.class
it\unibg\progetto\api\TestApplication.class
it\unibg\progetto\api\domain\operators\RootCliIntegrationTest.class
it\unibg\progetto\api\cli\AppBlocksManageCsvUnitTest.class
it\unibg\progetto\api\cli\AppBlocksManageUsersIntegrationTes.class
it\unibg\progetto\api\cli\research\CsvResearchChoiceTest.class
it\unibg\progetto\api\application\usecase\UsersUseCaseIntegrationTest.class
it\unibg\progetto\api\application\dto\UserDtoTest.class
it\unibg\progetto\api\application\dto\RootDtoTest.class
it\unibg\progetto\api\cli\research\CsvStatisticsResearchTest.class
