D:\github\progetto-uni\Progetto-ingegneria-del-software_1092954_1092457\api\src\test\java\it\unibg\progetto\api\application\dto\CsvDtoTest.java
D:\github\progetto-uni\Progetto-ingegneria-del-software_1092954_1092457\api\src\test\java\it\unibg\progetto\api\application\dto\RootDtoTest.java
D:\github\progetto-uni\Progetto-ingegneria-del-software_1092954_1092457\api\src\test\java\it\unibg\progetto\api\application\dto\UserDtoTest.java
D:\github\progetto-uni\Progetto-ingegneria-del-software_1092954_1092457\api\src\test\java\it\unibg\progetto\api\application\usecase\CsvUseCaseIntegrationTest.java
D:\github\progetto-uni\Progetto-ingegneria-del-software_1092954_1092457\api\src\test\java\it\unibg\progetto\api\application\usecase\CsvUseCaseUnitTest.java
D:\github\progetto-uni\Progetto-ingegneria-del-software_1092954_1092457\api\src\test\java\it\unibg\progetto\api\application\usecase\UsersUseCaseIntegrationTest.java
D:\github\progetto-uni\Progetto-ingegneria-del-software_1092954_1092457\api\src\test\java\it\unibg\progetto\api\application\usecase\UsersUseCaseUnitTest.java
D:\github\progetto-uni\Progetto-ingegneria-del-software_1092954_1092457\api\src\test\java\it\unibg\progetto\api\cli\AppBlocksManageCsvIntegrationTest.java
D:\github\progetto-uni\Progetto-ingegneria-del-software_1092954_1092457\api\src\test\java\it\unibg\progetto\api\cli\AppBlocksManageCsvUnitTest.java
D:\github\progetto-uni\Progetto-ingegneria-del-software_1092954_1092457\api\src\test\java\it\unibg\progetto\api\cli\AppBlocksManageUsersIntegrationTes.java
D:\github\progetto-uni\Progetto-ingegneria-del-software_1092954_1092457\api\src\test\java\it\unibg\progetto\api\cli\AppBlocksManageUsersUnitTest.java
D:\github\progetto-uni\Progetto-ingegneria-del-software_1092954_1092457\api\src\test\java\it\unibg\progetto\api\cli\MasterTest.java
D:\github\progetto-uni\Progetto-ingegneria-del-software_1092954_1092457\api\src\test\java\it\unibg\progetto\api\cli\research\CsvResearchChoiceTest.java
D:\github\progetto-uni\Progetto-ingegneria-del-software_1092954_1092457\api\src\test\java\it\unibg\progetto\api\cli\research\CsvResearchCliTest.java
D:\github\progetto-uni\Progetto-ingegneria-del-software_1092954_1092457\api\src\test\java\it\unibg\progetto\api\cli\research\CsvResearchManagerTest.java
D:\github\progetto-uni\Progetto-ingegneria-del-software_1092954_1092457\api\src\test\java\it\unibg\progetto\api\cli\research\CsvStatisticsResearchTest.java
D:\github\progetto-uni\Progetto-ingegneria-del-software_1092954_1092457\api\src\test\java\it\unibg\progetto\api\domain\operators\RootCliIntegrationTest.java
D:\github\progetto-uni\Progetto-ingegneria-del-software_1092954_1092457\api\src\test\java\it\unibg\progetto\api\domain\RootTest.java
D:\github\progetto-uni\Progetto-ingegneria-del-software_1092954_1092457\api\src\test\java\it\unibg\progetto\api\infrastructure\csv\CsvFileManagerTest.java
D:\github\progetto-uni\Progetto-ingegneria-del-software_1092954_1092457\api\src\test\java\it\unibg\progetto\api\mapping\CsvMapperTest.java
D:\github\progetto-uni\Progetto-ingegneria-del-software_1092954_1092457\api\src\test\java\it\unibg\progetto\api\mapping\RootMapperTest.java
D:\github\progetto-uni\Progetto-ingegneria-del-software_1092954_1092457\api\src\test\java\it\unibg\progetto\api\mapping\UserMapperTest.java
D:\github\progetto-uni\Progetto-ingegneria-del-software_1092954_1092457\api\src\test\java\it\unibg\progetto\api\security\HashTest.java
D:\github\progetto-uni\Progetto-ingegneria-del-software_1092954_1092457\api\src\test\java\it\unibg\progetto\api\security\session\SessionManagerTest.java
D:\github\progetto-uni\Progetto-ingegneria-del-software_1092954_1092457\api\src\test\java\it\unibg\progetto\api\security\session\SessionTest.java
D:\github\progetto-uni\Progetto-ingegneria-del-software_1092954_1092457\api\src\test\java\it\unibg\progetto\api\TestApplication.java
